[2m11:27:39[22m [34m[content][39m Syncing content
[2m11:27:39[22m [34m[content][39m Synced content
[2m11:27:39[22m [34m[types][39m Generated [2m663ms[22m
[2m11:27:39[22m [34m[build][39m output: [34m"static"[39m
[2m11:27:39[22m [34m[build][39m mode: [34m"static"[39m
[2m11:27:39[22m [34m[build][39m directory: [34mD:\deep seek workplace\endfield-blog\dist\[39m
[2m11:27:39[22m [34m[build][39m Collecting build info...
[2m11:27:39[22m [34m[build][39m [32m✓ Completed in 723ms.[39m
[2m11:27:42[22m [34m[build][39m Building static entrypoints...
[2m11:27:44[22m [34m[vite][39m [32m✓ built in 1.32s[39m
[33m[1m11:27:47[22m [WARN] [vite][39m [33m[plugin builtin:vite-reporter] 
(!) Some chunks are larger than 500 kB after minification. Consider:
- Using dynamic import() to code-split the application
- Use build.rolldownOptions.output.codeSplitting to improve chunking: https://rolldown.rs/reference/OutputOptions.codeSplitting
- Adjust chunk size limit for this warning via build.chunkSizeWarningLimit.[39m
[2m11:27:47[22m [34m[vite][39m [32m✓ built in 3.27s[39m
[2m11:27:47[22m [34m[build][39m Rearranging server assets...

[42m[30m generating static routes [39m[49m
[2m11:27:48[22m   [34m├─[39m [2m/404.html[22m [31m(+1.06s)[39m 
[2m11:27:49[22m   [34m├─[39m [2m/about/index.html[22m [31m(+650ms)[39m 
[2m11:27:49[22m   [34m├─[39m [2m/account/index.html[22m [2m(+143ms)[22m 
[2m11:27:49[22m   [34m├─[39m [2m/blog/index.html[22m [2m(+145ms)[22m 
[2m11:27:50[22m   [34m├─[39m [2m/calendar/index.html[22m [2m(+151ms)[22m 
[2m11:27:50[22m   [34m├─[39m [2m/gallery/index.html[22m [2m(+144ms)[22m 
[2m11:27:50[22m   [34m├─[39m [2m/log/index.html[22m [2m(+141ms)[22m 
[2m11:27:50[22m   [34m├─[39m [2m/music/index.html[22m [2m(+140ms)[22m 
[2m11:27:50[22m   [34m├─[39m [2m/nav/index.html[22m [2m(+139ms)[22m 
[2m11:27:50[22m   [34m├─[39m [2m/posts/2025-12-05-log/index.html[22m [2m(+137ms)[22m 
[2m11:27:50[22m   [34m├─[39m [2m/posts/2025-12-08-headless-regression/index.html[22m [2m(+135ms)[22m 
[2m11:27:51[22m   [34m├─[39m [2m/posts/2026-06-14-cloudflare-pages-notes/index.html[22m [2m(+302ms)[22m 
[2m11:27:51[22m   [34m├─[39m [2m/posts/2026-09-07-log/index.html[22m [2m(+134ms)[22m 
[2m11:27:51[22m   [34m├─[39m [2m/posts/2026-09-08-log/index.html[22m [2m(+133ms)[22m 
[2m11:27:51[22m   [34m├─[39m [2m/posts/2026-09-09-log/index.html[22m [2m(+134ms)[22m 
[2m11:27:51[22m   [34m├─[39m [2m/posts/2026-09-10-log/index.html[22m [2m(+137ms)[22m 
[2m11:27:51[22m   [34m├─[39m [2m/posts/2026-09-11-log/index.html[22m [2m(+138ms)[22m 
[2m11:27:52[22m   [34m├─[39m [2m/posts/2026-09-14-log/index.html[22m [2m(+135ms)[22m 
[2m11:27:52[22m   [34m├─[39m [2m/posts/2026-09-15-log/index.html[22m [2m(+134ms)[22m 
[2m11:27:52[22m   [34m├─[39m [2m/posts/2026-09-18-log/index.html[22m [2m(+134ms)[22m 
[2m11:27:52[22m   [34m├─[39m [2m/posts/2026-09-19-rebuild-as-blog/index.html[22m [2m(+136ms)[22m 
[2m11:27:52[22m   [34m├─[39m [2m/posts/index.html[22m [2m(+486ms)[22m 
[2m11:27:53[22m   [34m├─[39m [2m/rss.xml[22m [2m(+76ms)[22m 
[2m11:27:53[22m   [34m├─[39m [2m/index.html[22m [2m(+148ms)[22m 
[2m11:27:53[22m [32m✓ Completed in 5.79s.
[39m
[2m11:27:53[22m [34m[build][39m [32m✓ Completed in 10.65s.[39m
[2m11:27:53[22m [34m[@astrojs/sitemap][39m `sitemap-index.xml` created at `dist`
[2m11:27:53[22m [34m[build][39m 23 page(s) built in [1m14.56s[22m
[2m11:27:53[22m [34m[build][39m [1mComplete![22m
