[2m22:02:17[22m [34m[content][39m Syncing content
[2m22:02:17[22m [34m[content][39m Synced content
[2m22:02:17[22m [34m[types][39m Generated [2m666ms[22m
[2m22:02:17[22m [34m[build][39m output: [34m"static"[39m
[2m22:02:17[22m [34m[build][39m mode: [34m"static"[39m
[2m22:02:17[22m [34m[build][39m directory: [34mD:\deep seek workplace\endfield-blog\dist\[39m
[2m22:02:17[22m [34m[build][39m Collecting build info...
[2m22:02:17[22m [34m[build][39m [32m✓ Completed in 722ms.[39m
[2m22:02:24[22m [34m[build][39m Building static entrypoints...
[2m22:02:25[22m [34m[vite][39m [32m✓ built in 1.32s[39m
[2m22:02:29[22m [34m[vite][39m [32m✓ built in 4.29s[39m
[2m22:02:30[22m [34m[build][39m Rearranging server assets...

[42m[30m generating static routes [39m[49m
[2m22:02:30[22m   [34m├─[39m [2m/404.html[22m [31m(+1.07s)[39m 
[2m22:02:31[22m   [34m├─[39m [2m/about/index.html[22m [2m(+132ms)[22m 
[2m22:02:31[22m   [34m├─[39m [2m/account/index.html[22m [2m(+124ms)[22m 
[2m22:02:31[22m   [34m├─[39m [2m/blog/index.html[22m [2m(+129ms)[22m 
[2m22:02:32[22m   [34m├─[39m [2m/calendar/index.html[22m [2m(+139ms)[22m 
[2m22:02:32[22m   [34m├─[39m [2m/gallery/index.html[22m [31m(+1.50s)[39m 
[2m22:02:33[22m   [34m├─[39m [2m/log/index.html[22m [2m(+125ms)[22m 
[2m22:02:33[22m   [34m├─[39m [2m/music/index.html[22m [2m(+127ms)[22m 
[2m22:02:34[22m   [34m├─[39m [2m/nav/index.html[22m [2m(+128ms)[22m 
[2m22:02:34[22m   [34m├─[39m [2m/posts/2025-12-05-log/index.html[22m [2m(+137ms)[22m 
[2m22:02:34[22m   [34m├─[39m [2m/posts/2025-12-08-headless-regression/index.html[22m [2m(+125ms)[22m 
[2m22:02:34[22m   [34m├─[39m [2m/posts/2026-06-14-cloudflare-pages-notes/index.html[22m [2m(+121ms)[22m 
[2m22:02:34[22m   [34m├─[39m [2m/posts/2026-09-07-log/index.html[22m [2m(+471ms)[22m 
[2m22:02:34[22m   [34m├─[39m [2m/posts/2026-09-08-log/index.html[22m [2m(+138ms)[22m 
[2m22:02:35[22m   [34m├─[39m [2m/posts/2026-09-09-log/index.html[22m [2m(+138ms)[22m 
[2m22:02:35[22m   [34m├─[39m [2m/posts/2026-09-10-log/index.html[22m [2m(+124ms)[22m 
[2m22:02:35[22m   [34m├─[39m [2m/posts/2026-09-11-log/index.html[22m [2m(+121ms)[22m 
[2m22:02:35[22m   [34m├─[39m [2m/posts/2026-09-14-log/index.html[22m [2m(+121ms)[22m 
[2m22:02:35[22m   [34m├─[39m [2m/posts/2026-09-15-log/index.html[22m [31m(+1.33s)[39m 
[2m22:02:36[22m   [34m├─[39m [2m/posts/2026-09-18-log/index.html[22m [2m(+470ms)[22m 
[2m22:02:37[22m   [34m├─[39m [2m/posts/2026-09-19-rebuild-as-blog/index.html[22m [31m(+613ms)[39m 
[2m22:02:38[22m   [34m├─[39m [2m/posts/index.html[22m [2m(+125ms)[22m 
[2m22:02:38[22m   [34m├─[39m [2m/rss.xml[22m [2m(+47ms)[22m 
[2m22:02:38[22m   [34m├─[39m [2m/index.html[22m [2m(+134ms)[22m 
[2m22:02:38[22m [32m✓ Completed in 8.17s.
[39m
[2m22:02:38[22m [34m[build][39m [32m✓ Completed in 14.06s.[39m
[2m22:02:38[22m [34m[@astrojs/sitemap][39m `sitemap-index.xml` created at `dist`
[2m22:02:38[22m [34m[build][39m 23 page(s) built in [1m21.18s[22m
[2m22:02:38[22m [34m[build][39m [1mComplete![22m
