[2m21:19:13[22m [34m[content][39m Syncing content
[2m21:19:13[22m [34m[content][39m Synced content
[2m21:19:13[22m [34m[types][39m Generated [2m753ms[22m
[2m21:19:13[22m [34m[build][39m output: [34m"static"[39m
[2m21:19:13[22m [34m[build][39m mode: [34m"static"[39m
[2m21:19:13[22m [34m[build][39m directory: [34mD:\deep seek workplace\endfield-blog\dist\[39m
[2m21:19:13[22m [34m[build][39m Collecting build info...
[2m21:19:13[22m [34m[build][39m [32m✓ Completed in 815ms.[39m
[2m21:19:19[22m [34m[build][39m Building static entrypoints...
[2m21:19:20[22m [34m[vite][39m [32m✓ built in 1.49s[39m
[2m21:19:25[22m [34m[vite][39m [32m✓ built in 4.38s[39m
[2m21:19:25[22m [34m[build][39m Rearranging server assets...

[42m[30m generating static routes [39m[49m
[2m21:19:26[22m   [34m├─[39m [2m/404.html[22m [31m(+1.42s)[39m 
[2m21:19:27[22m   [34m├─[39m [2m/about/index.html[22m [2m(+145ms)[22m 
[2m21:19:27[22m   [34m├─[39m [2m/account/index.html[22m [2m(+133ms)[22m 
[2m21:19:27[22m   [34m├─[39m [2m/blog/index.html[22m [2m(+286ms)[22m 
[2m21:19:28[22m   [34m├─[39m [2m/calendar/index.html[22m [2m(+153ms)[22m 
[2m21:19:28[22m   [34m├─[39m [2m/gallery/index.html[22m [2m(+135ms)[22m 
[2m21:19:28[22m   [34m├─[39m [2m/log/index.html[22m [2m(+132ms)[22m 
[2m21:19:28[22m   [34m├─[39m [2m/music/index.html[22m [2m(+127ms)[22m 
[2m21:19:28[22m   [34m├─[39m [2m/nav/index.html[22m [2m(+287ms)[22m 
[2m21:19:28[22m   [34m├─[39m [2m/posts/2025-12-05-log/index.html[22m [2m(+130ms)[22m 
[2m21:19:29[22m   [34m├─[39m [2m/posts/2025-12-08-headless-regression/index.html[22m [2m(+127ms)[22m 
[2m21:19:29[22m   [34m├─[39m [2m/posts/2026-06-14-cloudflare-pages-notes/index.html[22m [2m(+127ms)[22m 
[2m21:19:29[22m   [34m├─[39m [2m/posts/2026-09-07-log/index.html[22m [31m(+639ms)[39m 
[2m21:19:30[22m   [34m├─[39m [2m/posts/2026-09-08-log/index.html[22m [2m(+126ms)[22m 
[2m21:19:30[22m   [34m├─[39m [2m/posts/2026-09-09-log/index.html[22m [2m(+478ms)[22m 
[2m21:19:30[22m   [34m├─[39m [2m/posts/2026-09-10-log/index.html[22m [2m(+125ms)[22m 
[2m21:19:30[22m   [34m├─[39m [2m/posts/2026-09-11-log/index.html[22m [2m(+486ms)[22m 
[2m21:19:31[22m   [34m├─[39m [2m/posts/2026-09-14-log/index.html[22m [2m(+127ms)[22m 
[2m21:19:31[22m   [34m├─[39m [2m/posts/2026-09-15-log/index.html[22m [2m(+478ms)[22m 
[2m21:19:31[22m   [34m├─[39m [2m/posts/2026-09-18-log/index.html[22m [2m(+125ms)[22m 
[2m21:19:31[22m   [34m├─[39m [2m/posts/2026-09-19-rebuild-as-blog/index.html[22m [2m(+126ms)[22m 
[2m21:19:32[22m   [34m├─[39m [2m/posts/index.html[22m [31m(+839ms)[39m 
[2m21:19:32[22m   [34m├─[39m [2m/rss.xml[22m [2m(+69ms)[22m 
[2m21:19:32[22m   [34m├─[39m [2m/index.html[22m [2m(+129ms)[22m 
[2m21:19:33[22m [32m✓ Completed in 7.63s.
[39m
[2m21:19:33[22m [34m[build][39m [32m✓ Completed in 13.79s.[39m
[2m21:19:33[22m [34m[@astrojs/sitemap][39m `sitemap-index.xml` created at `dist`
[2m21:19:33[22m [34m[build][39m 23 page(s) built in [1m20.81s[22m
[2m21:19:33[22m [34m[build][39m [1mComplete![22m
