=== 桌面 1440：整版几何（对照参考实测值）===
  {"hero":{"w":1430,"h":900,"padL":"32px","padR":"32px","padT":"96px","gap":"96px","display":"flex","dir":"row","minH":"900px","maxW":"1600px"},"title":{"x":117,"y":299,"w":700,"h":109,"fs":"51.8248px","fw":"700","lh":"54.416px","ls":"-1.55474px","radius":"0px","padT":"0px","padL":"0px","gap":"normal","color":"rgb(255, 255, 255)","bg":"rgba(0, 0, 0, 0)","display":"block"},"card":{"x":913,"y":239,"w":400,"h":470,"fs":"16.5px","fw":"400","lh":"normal","ls":"normal","radius":"12px","padT":"0px","padL":"0px","gap":"normal","color":"rgb(255, 255, 255)","bg":"rgba(12, 14, 20, 0.52)","display":"block"}}
  ✅ hero 与区块容器同宽（都用 --w-max）  —— 1600px vs 1600px
  ✅ hero 与区块容器同内边距（都用 --gutter）  —— 32px vs 32px
  ✅ hero 整块水平居中（块外左右留白对称 ≤2px）  —— 左留白=85.0 右留白=85.0
  ✅ 主容器 max-width 1600（宽屏放宽）  —— 1600px
  ✅ 主容器居中：左右偏移差 ≤1px（留白对称）  —— 左=0 右=0
  ✅ hero 与主内容区块容器同宽（都是 1600 盒宽）  —— 1430 vs 1430
  ✅ header 容器与主内容容器同宽  —— 1430 vs 1430
  ✅ header 容器居中：左右偏移差 ≤1px  —— 左=0 右=0
  ✅ header / 主内容容器左缘重合（同一栅格）  —— header=0 main=0（首页无页脚容器）
  ✅ hero 两栏 gap 96px（加大后的实测值）  —— 96px
  ✅ hero min-height = 视口高（100vh）  —— 900 vs 900
  ✅ hero 是左右两栏 flex  —— flex/row
  ✅ 左栏 ≈ 700px（放大标题后的取值）  —— 700
  ✅ 整块竖向居中：主内容块中心 ≈ 视口中心（±40px）  —— 内容中心=424 视口中心=450
  ✅ 卡片与主内容块同级居中（卡片中心 − 内容中心 ≤ 120px，含齐平位移）  —— 卡片中心=474 内容中心=424 差=50
  ✅ 不再顶到顶部：标题顶留白 ≥ 120px（改前是 96px）  —— 299
  ✅ 标题顶与卡片底都在视口内（居中后不会被切）  —— 标题顶=299 卡片底=709 视口高=900
  ✅ 徽标：圆角 9999px / 内距 6×14（参考值）  —— 9999px 6px 14px
  ✅ 徽标圆点 6×6  —— 6×6
  ✅ 标题第一行文案正确  —— Code on clouds, life on wings
  ✅ 标题第二行文案正确  —— Hello this is CloudWing
  ✅ PC 上严格两行（两行都不折行）  —— L1=1 L2=1
  ✅ 左栏 ≈ 700px（放大标题后的取值）  —— 700
  ✅ 标题字号落在新区间（45–53px，上限已从 48 提到 52）  —— 51.8248px
  ✅ 两行都放得进左栏（按最长行反解字号）  —— L1=683 L2=537 容器=700
  ✅ 第一行为纯白  —— rgb(255, 255, 255)
  ✅ 第二行走渐变强调色（background-clip:text + 渐变）  —— text | linear-gradient(90deg, c
  ✅ 主标题字重 700  —— 700
  ✅ 主标题行高 1.05  —— 54.416px @ 51.8248px
  ✅ 主标题字距 -0.03em  —— -1.55474px
  ✅ 副标题文案正确  —— 记录我的学习，折腾和胡思乱想
  ✅ 副标题字号 18px  —— 18px
  ✅ 副标题颜色 rgba(255,255,255,0.92)  —— rgba(255, 255, 255, 0.92)
  ✅ 副标题行高 1.6  —— 28.8px
  ✅ 统计组 gap 32px  —— 32px
  ✅ 统计数字 ≈ 标题 ×0.54（参考比例：66px 标题配 26px 数字）  —— 25.92px / 标题 51.8248px = 0.50
  ✅ 统计说明 ≈ 标题 ×0.28（参考比例：66px 标题配 13px）  —— 13px / 标题 51.8248px = 0.25
  ✅ 分隔线 1×40  —— 1×40
  ✅ 标签圆角 9999px / 内距 6×14  —— 9999px 6px 14px
  ✅ 标签组 gap 8px  —— 8px
  ✅ 标签数量 ≥ 4（来自作品 tools）  —— 6
  ✅ 卡片已收窄（≤410，左栏让出 40px 给大标题）  —— 400
  ✅ 徽标胶囊与卡片顶部齐平  —— 徽标顶=239 卡片顶=239（--card-shift=0px）
  ✅ 卡片圆角 12px  —— 12px
  ✅ 卡片头有文件名
  ✅ 卡片三色圆点
  ✅ 代码卡片：磨砂模糊 ≥16px 且提饱和  —— blur=22px saturate=1.4
  ✅ 代码卡片：多层玻璃（渐变高光 + 半透明底 + 内侧高光）  —— 渐变层=1 底=rgba(12, 14, 20, 0.52) inset=true
  ✅ 代码里有色值胶囊（swatch + hex，照参考）  —— #9FD3E8
  ✅ 代码里有随预设变化的数值  —— 2
  ✅ 词法着色覆盖 ≥6 类（keyword/string/function/attr/number/punc/comment）  —— 7
  ✅ 卡片底部有色卡（5 个预设）  —— 5
  ✅ 同时只有一个预设处于选中态  —— 1 个 / 当前「雾蓝」
  ✅ 默认态是"零改动"（色膜 0、无滤镜）  —— tintA=0 filter=hue-rotate(0deg) saturate(1) brightness(0.85)
  ✅ 切换过程中经过中间色（≥3 个不同取值的过渡帧）  —— #9fd3e8 → #a0d3e6 → #a3d2e1 → #a9d0d8 → #b4cdc8 → #c3c9b1
  ✅ 切到「余烬」后强调色确实变了  —— #9fd3e8 → #e0c084
  ✅ 代码高亮跟着一起变  —— color(srgb 0.691294 0.85851 0.926039) → rgb(230, 203, 154)
  ✅ 背景视频被旋转色相（换色但不是换背景）  ——  → -157.00deg
  ✅ 色膜浓度在过渡后落到该预设值  —— 0.2
  ✅ 切换后选中态跟随  —— 余烬
  ✅ 切换后无横向溢出  —— 0
  ✅ 代码里的色块与色值随预设一起变  —— 色块 rgb(159, 211, 232) → rgb(224, 192, 132)；值 #9FD3E8 → #E0C084
  ✅ 旧 Hero 结构已清干净（eyebrow/inner/cta/ht-*/stroke/typed）  —— {"eyebrow":false,"inner":false,"cta":false,"htline":false,"accent":false,"stroke":false,"typed":false}
  ✅ 内容来自站点真实数据（标题/副标题非空）  —— "Code on clouds, life on wingsHello this is CloudWing" / "记录我的学习，折腾和胡思乱想…"
  ✅ 桌面无横向溢出  —— 0

=== 1920：同样要"居中 + 左右留白对称 + 三者同宽"（用户点名的另一档）===
  ✅ 1920：主容器锁在 1600（不再随视口变宽）  —— 1600px / 实测 1600
  ✅ 1920：主容器居中，左右留白相等  —— 左=155 右=155
  ✅ 1920：hero / header 与主内容容器同宽  —— hero=1600 header=1600 main=1600（首页无页脚容器）
  ✅ 1920：header 容器同样居中  —— 左=155 右=155
  ✅ 1920 无横向溢出  —— 0

=== 1024：gap 72 / pad 24 / 标题随 vw 回落 / 卡片整宽 ===
  ✅ gap 收到 72px（参考 1024 档）  —— 72px
  ✅ 左右内边距 24px  —— 24px/24px
  ✅ 标题字号 ≤ PC 上限（按最长行反解，不再写死 48px）  —— 30px
  ✅ 卡片在 1024 档占满（参考同档也是整宽）  —— 448
  ✅ 无横向溢出  —— 0

=== 768：堆叠（参考手机端行为）===
  ✅ 改为列向堆叠  —— column
  ✅ gap 40px（堆叠后略收紧）  —— 40px
  ✅ 上内边距 96px（参考手机端值）  —— 96px
  ✅ 标题字号 30px（= 手机端下限；此时第一行会自动折行）  —— 30px
  ✅ 内容**左对齐**（参考手机端不居中）
  ✅ 统计组左对齐
  ✅ 标签组左对齐
  ✅ 卡片占满内容宽  —— 728
  ✅ 代码卡片不横向滚动（字号已按最长行反解）
  ✅ 无横向溢出  —— 0
  ✅ 手机端代码卡片按内容展开（未被压扁/裁切）  —— {"卡高":439,"体高":355,"体底超出":-44,"卡裁Y":0}

=== 减少动态：不应有残留动画导致的空白 ──
  ✅ 减少动态下标题仍可见（透明/不可见类没有被沿用）  —— 700px / opacity=1
  ✅ 全程无 JS 异常

  ✓ hero-final.png

=== 结果：88/88 通过 ===
