=== 未滚动：贴顶通栏 ===
  {"外层paddingTop":"0px","宽":1600,"高":64,"圆角":"0px","背景":"rgba(0, 0, 0, 0)","模糊":"none","阴影":"none","内边距":"32px","链接字号":"14px","链接组gap":"32px","控件高":34,"溢出":0,"scrolled":"0"}
  ✅ 外层 padding-top = 0  —— 0px
  ✅ 容器宽 1600（= --w-max，与主内容容器同宽）  —— 1600
  ✅ 容器高 64  —— 64
  ✅ 无圆角（贴顶通栏）  —— 0px
  ✅ 背景透明  —— rgba(0, 0, 0, 0)
  ✅ 无模糊 / 无阴影  —— none | none
  ✅ 左右内边距 32px  —— 32px

=== 滚动 >80px：收成胶囊 ===
  {"外层paddingTop":"16px","宽":1440,"高":56,"圆角":"9999px","背景":"rgba(10, 10, 15, 0.7)","模糊":"blur(12px) saturate(1.8)","阴影":"rgba(0, 0, 0, 0.15) 0px 4px 20px 0px","内边距":"24px","链接字号":"14px","链接组gap":"24px","控件高":32,"溢出":0,"scrolled":"1"}
  ✅ 外层下沉 16px  —— 16px
  ✅ 容器宽收到 1440（= 1600 − 160 收缩差）  —— 1440
  ✅ 容器高收到 56（参考实测值）  —— 56
  ✅ 圆角 999px  —— 9999px
  ✅ 玻璃底 + 模糊  —— rgba(10, 10, 15, 0.7) | blur(12px) saturate(1.8)
  ✅ 有阴影  —— rgba(0, 0, 0, 0.15) 0px 4px 20px 0px
  ✅ 左右内边距收到 24px（参考实测值）  —— 24px
  ✅ 链接字号保持 14px（参考滚动前后同号）  —— 14px
  ✅ 链接组间距 32→24（参考实测值）  —— 24px
  ✅ 顶栏控件 32（参考滚动后值）  —— 32

=== 回顶恢复 ===
  ✅ 恢复 1600/64/无圆角/透明  —— 1600/64/0px/rgba(0, 0, 0, 0)
  ✅ 桌面无横向溢出  —— 0
  ✅ 导航容器自身水平居中（shell 页无标准 wrap，退化为居中校验）  —— 居中差 0 / 导航宽 1600

=== 形态说明（改版后不再下滑收起）===
  {"顶":0,"隐藏类":false,"透明度":"1"}
  ✅ 下滑后导航仍在视口内（参考不做下滑收起）  —— {"顶":0,"隐藏类":false,"透明度":"1"}
  ✅ 已无遗留的顶部指示线（参考导航没有）

=== 移动端：汉堡 + 顶部下拉菜单 ===
  {"汉堡显示":"flex","链接组":"none","菜单初始隐藏":true,"溢出":0}
  ✅ 移动端显示汉堡  —— flex
  ✅ 移动端隐藏链接组  —— none
  ✅ 菜单初始隐藏
  ✅ 移动端无横向溢出  —— 0
  {"打开":false,"类":"none","透明度":"0","背景":"rgba(10, 10, 15, 0.95)","模糊":"blur(20px)","顶部":0,"宽":0,"左":0,"右":390,"圆角四角":"16px/16px/16px/16px","链接数":10,"一级链接数":6,"分类组数":1,"分类链接数":0,"外链组数":0,"外链数":0,"汉堡叉号":false,"aria":"false"}
  ❌ 菜单已打开
  ❌ 已到终态（opacity 1 / 无位移）  —— 0 none
  ✅ 玻璃底 + 模糊  —— rgba(10, 10, 15, 0.95) | blur(20px)
  ❌ 贴在导航下方  —— 0
  ❌ 菜单左右各内缩 12px（不再通栏）  —— 左=0 右=390 宽=0
  ✅ 四角圆角一致且 ≥12px（圆角矩形）  —— 16px/16px/16px/16px
  ✅ 抽屉一级链接 6 个 + 记录组内 4 个（共 10 个链接）  —— 一级=6 总=10
  ✅ 抽屉含「记录」分组（1 组，且无 ?tag=/?game= 分类链接）  —— 组=1 分类链=0
  ✅ 抽屉已无外链按钮（GitHub/Bilibili/RSS）  —— 组=0 外链=0
  ❌ 汉堡变叉号（mnav-open）
  ❌ aria-expanded=true
  ✅ Esc 可关闭菜单
  {"菜单顶":68,"胶囊底":68,"胶囊高":52,"视口":844}
  ✅ 滚动后菜单仍在胶囊下方（几何有效）  —— {"菜单顶":68,"胶囊底":68,"胶囊高":52,"视口":844}
  ✅ 全程无 JS 异常

=== 结果：34/40 通过 ===
  ❌ 菜单已打开
  ❌ 已到终态（opacity 1 / 无位移）
  ❌ 贴在导航下方
  ❌ 菜单左右各内缩 12px（不再通栏）
  ❌ 汉堡变叉号（mnav-open）
  ❌ aria-expanded=true
