
Running Pagefind v1.5.2 (Extended)
Running from: "D:\\deep seek workplace\\endfield-blog"
Source:       "dist"
Output:       "dist\\pagefind"

[Walking source directory]
Found 23 files matching **/*.{html}

[Parsing files]
Did not find a data-pagefind-body element on the site.
↳ Indexing all <body> elements on the site.

[Reading languages]
Discovered 1 language: zh-cn

[Building search indexes]
Total: 
  Indexed 1 language
  Indexed 23 pages
  Indexed 1836 words
  Indexed 0 filters
  Indexed 0 sorts
Note: Pagefind doesn't support stemming for the language zh-cn. 
Search will still work, but will not match across root words.
Note: Pagefind doesn't support stemming for the language zh-cn. 
Search will still work, but will not match across root words.

Finished in 1.244 seconds
