
=== 冒烟测试：http://localhost:4321 ===

[1] 各页面布局与异常
  ✅ / 横向溢出 0  —— overflowX=0
  ✅ / 无 JS 异常
  ✅ / 全宽页无侧栏
  ✅ /music/ 横向溢出 0  —— overflowX=0
  ✅ /music/ 无 JS 异常
  ✅ /music/ 全宽页无侧栏
  ✅ /posts/ 横向溢出 0  —— overflowX=0
  ✅ /posts/ 无 JS 异常
  ✅ /posts/ 子页面有侧栏
  ✅ /posts/ 两栏等高  —— 1404 / 1404
  ✅ /posts/ 侧栏无内部滚动条
  ✅ /blog/ 横向溢出 0  —— overflowX=0
  ✅ /blog/ 无 JS 异常
  ✅ /blog/ 子页面有侧栏
  ✅ /blog/ 两栏等高  —— 1404 / 1404
  ✅ /blog/ 侧栏无内部滚动条
  ✅ /log/ 横向溢出 0  —— overflowX=0
  ✅ /log/ 无 JS 异常
  ✅ /log/ 子页面有侧栏
  ✅ /log/ 两栏等高  —— 1404 / 1404
  ✅ /log/ 侧栏无内部滚动条
  ✅ /calendar/ 横向溢出 0  —— overflowX=0
  ✅ /calendar/ 无 JS 异常
  ✅ /calendar/ 子页面有侧栏
  ✅ /calendar/ 两栏等高  —— 1404 / 1404
  ✅ /calendar/ 侧栏无内部滚动条
  ✅ /gallery/ 横向溢出 0  —— overflowX=0
  ✅ /gallery/ 无 JS 异常
  ✅ /gallery/ 子页面有侧栏
  ✅ /gallery/ 两栏等高  —— 1404 / 1404
  ✅ /gallery/ 侧栏无内部滚动条
  ✅ /nav/ 横向溢出 0  —— overflowX=0
  ✅ /nav/ 无 JS 异常
  ✅ /nav/ 子页面有侧栏
  ✅ /nav/ 两栏等高  —— 1404 / 1404
  ✅ /nav/ 侧栏无内部滚动条
  ✅ /about/ 横向溢出 0  —— overflowX=0
  ✅ /about/ 无 JS 异常
  ✅ /about/ 子页面有侧栏
  ✅ /about/ 两栏等高  —— 1404 / 1404
  ✅ /about/ 侧栏无内部滚动条
  ✅ /account/ 横向溢出 0  —— overflowX=0
  ✅ /account/ 无 JS 异常
  ✅ /account/ 子页面有侧栏
  ✅ /account/ 两栏等高  —— 1404 / 1404
  ✅ /account/ 侧栏无内部滚动条
  ✅ /404.html 横向溢出 0  —— overflowX=0
  ✅ /404.html 无 JS 异常
  ✅ /404.html 子页面有侧栏
  ✅ /404.html 两栏等高  —— 1404 / 1404
  ✅ /404.html 侧栏无内部滚动条

[2] 侧栏吸顶同步（/gallery/ 全页往返，逐帧采样）
  ✅ 两栏滚动不同步帧 = 0  —— desync=0
  ✅ 侧栏不会钉在导航栏下方  —— frames=0

[3] 软导航往返后的交互
  ✅ 左栏文章入口 → 打开文章列表  —— /posts/（列表已渲染）
  ✅ 文章列表 → 详情页打开  —— true
  ✅ 归档时间线按日记录（≥5 天）  —— 14 天 / 2 个年份
  ✅ 时间线条目可跳转对应文章详情  —— 12 条可跳
  ✅ 热力图点击浮出简短信息  —— 6 月 14 日 · 周日 · 1 条这天有 文章 1 次
  ✅ 再点同格浮层收起
  ✅ 搜索悬浮窗可打开（⌘/Ctrl+K）
  ✅ 搜索悬浮窗可关闭
  ✅ 交互过程无 JS 异常
  ✅ 日历页渲染当月月历（§64）  —— {"title":"2026 年 9 月","days":30,"badges":4,"count":6}
  ✅ 日历页节假日角标与内联数据一致（§64）  —— shown=4 expect=4
  ✅ 日历页近期节点倒计时非空（§64）  —— count=6
  ✅ 日历页可翻月（§64）  —— 2026 年 9 月 → 2026 年 10 月
  ✅ 软导航一圈后进画廊、卡片就位
  ✅ 默认显示文件夹墙（§59）  —— {"has":true,"fwHidden":false,"abHidden":true,"folders":3}
  ✅ 点文件夹进入对应图集（§59）
  ✅ 画廊点卡片打开大图（软导航后）
  ✅ 画廊大图可关闭
  ✅ 「返回文件夹」回到文件夹墙（§59）
  ✅ 软导航一圈后仍无 JS 异常

[4] 手机视口
  ✅ 手机端侧栏隐藏
  ✅ 手机端无横向溢出  —— overflowX=0
  ✅ 手机端单列（中栏可见）  —— 中栏宽=364

=== 结果：76/76 通过 ===
