=== 导航胶囊（主题 dark，滚动后）===
  {"边框":"1px solid rgba(255, 255, 255, 0.08)","模糊":"blur(12px) saturate(1.8)","背景":"rgba(10, 10, 15, 0.7)","圆角":"9999px","宽":1440,"高":56,"顶部距":16,"视口宽":1910,"pointerEvents":"auto","最右":1675,"最左":235}
  ✅ 滚动后胶囊宽度收到 1440  —— 宽=1440 期望=1440
  ✅ 胶囊居中  —— 左=235
  ✅ 滚动后距顶部 16px（下沉）  —— 16
  ✅ 圆角 999px（完全圆头）  —— 9999px
  ✅ 有可见边框（1px）  —— 1px solid rgba(255, 255, 255, 0.08)
  ✅ 边框不是透明  —— 1px solid rgba(255, 255, 255, 0.08)
  ✅ 胶囊内有高斯模糊  —— blur(12px) saturate(1.8)
  ✅ 背景为半透明玻璃（非纯色）  —— rgba(10, 10, 15, 0.7)

=== 博客归档入口（作品库已移除，左栏承担内容入口）===
  {"在左栏":true,"可见":true,"宽高":"212×29","文字":"归档时间线"}
  ✅ 「记录」下拉菜单存在（恰好 1 个 data-nav-sub）
  ✅ 博客归档入口仍在（左栏导航树，可见）  —— 归档时间线（212×29）
  ✅ 已无遗留的二级菜单开关

=== 「记录」悬停下拉（2026-09-19 晚站长要求）===
  {"x":782,"y":45,"文字":"记录","当前":true}
  ✅ 顶栏有「记录」入口  —— 记录
  ✅ 落在 /blog/ 时「记录」高亮（aria-current）
  {"浮出":true,"在顶栏下方":true,"链接":[{"文字":"文章","href":"/posts/"},{"文字":"归档","href":"/blog/"},{"文字":"日志","href":"/log/"},{"文字":"日历","href":"/calendar/"}]}
  ✅ 悬停后二级菜单浮出
  ✅ 浮层落在视口内（顶栏下方）
  ✅ 二级菜单含 文章/归档/日志/日历 四项  —— ["文章","归档","日志","日历"]
  ✅ 二级菜单指向 /posts/ /blog/ /log/ /calendar/  —— ["/posts/","/blog/","/log/","/calendar/"]
  ✅ 移开后二级菜单收回

=== 布局未受影响 ===
  ✅ 无横向溢出
  ✅ 导航项仍可点击（元素在最上层）
  ✅ 无 JS 异常

  ✓ nav-dark.png

=== 结果：21/21 通过 ===
