=== 未滚动：贴顶通栏 ===
  {"外层paddingTop":"0px","宽":1600,"高":64,"圆角":"0px","背景":"rgba(0, 0, 0, 0)","模糊":"none","阴影":"none","内边距":"32px","链接字号":"14px","链接组gap":"32px","控件高":34,"溢出":0,"scrolled":"0"}
  ✅ 外层 padding-top = 0  —— 0px
  ✅ 容器宽 1600（= --w-max，与主内容容器同宽）  —— 1600
  ✅ 容器高 64  —— 64
  ✅ 无圆角（贴顶通栏）  —— 0px
  ✅ 背景透明  —— rgba(0, 0, 0, 0)
  ✅ 无模糊 / 无阴影  —— none | none
  ✅ 左右内边距 32px  —— 32px

=== 滚动 >80px：收成胶囊 ===
  {"外层paddingTop":"16px","宽":1440,"高":56,"圆角":"9999px","背景":"rgba(10, 10, 15, 0.7)","模糊":"blur(12px) saturate(1.8)","阴影":"rgba(0, 0, 0, 0.15) 0px 4px 20px 0px","内边距":"24px","链接字号":"14px","链接组gap":"24px","控件高":32,"溢出":0,"scrolled":"1"}
  ✅ 外层下沉 16px  —— 16px
  ✅ 容器宽收到 1440（= 1600 − 160 收缩差）  —— 1440
  ✅ 容器高收到 56（参考实测值）  —— 56
  ✅ 圆角 999px  —— 9999px
  ✅ 玻璃底 + 模糊  —— rgba(10, 10, 15, 0.7) | blur(12px) saturate(1.8)
  ✅ 有阴影  —— rgba(0, 0, 0, 0.15) 0px 4px 20px 0px
  ✅ 左右内边距收到 24px（参考实测值）  —— 24px
  ✅ 链接字号保持 14px（参考滚动前后同号）  —— 14px
  ✅ 链接组间距 32→24（参考实测值）  —— 24px
  ✅ 顶栏控件 32（参考滚动后值）  —— 32

=== 回顶恢复 ===
  ✅ 恢复 1600/64/无圆角/透明  —— 1600/64/0px/rgba(0, 0, 0, 0)
  ✅ 桌面无横向溢出  —— 0
  ✅ 导航容器自身水平居中（shell 页无标准 wrap，退化为居中校验）  —— 居中差 0 / 导航宽 1600

=== 形态说明（改版后不再下滑收起）===
  {"顶":0,"隐藏类":false,"透明度":"1"}
  ✅ 下滑后导航仍在视口内（参考不做下滑收起）  —— {"顶":0,"隐藏类":false,"透明度":"1"}
  ✅ 已无遗留的顶部指示线（参考导航没有）

=== 移动端：StaggeredMenu 抽屉（2026-09-23 改版）===
  {"开关显示":"flex","链接组":"none","菜单初始隐藏":true,"溢出":0}
  ✅ 移动端显示 StaggeredMenu 开关  —— flex
  ✅ 移动端隐藏链接组  —— none
  ✅ 抽屉初始隐藏
  ✅ 移动端无横向溢出  —— 0
  {"打开":true,"类":"none","透明度":"1","面板变换":"matrix(1, 0, 0, 1, 0, 0)","背景":"rgba(10, 10, 15, 0.96)","模糊":"blur(20px) saturate(1.8)","顶部":0,"高":844,"右缘":0,"宽":328,"前导层":2,"前导层就位":true,"链接数":11,"一级链接数":7,"子链接数":4,"编号内容":"counter(smitem, decimal-leading-zero)","编号可见":1,"开关态":true,"aria":"true"}
  ✅ 抽屉已打开
  ✅ 面板已到终态（xPercent 0 / opacity 1）  —— 1 matrix(1, 0, 0, 1, 0, 0)
  ✅ 玻璃底 + 模糊  —— rgba(10, 10, 15, 0.96) | blur(20px) saturate(1.8)
  ✅ 右侧全高贴边（top 0 / 高=视口 / 右缘 0）  —— 顶=0 高=844 右=0
  ✅ 抽屉宽度 = clamp(280px, 84vw, 400px)  —— 宽=328
  ✅ 2 层前导层已滑入到位  —— 层=2
  ✅ 一级链接 7 个（含可点的「记录」父项）+ 组内 4 个（共 11 个）  —— 一级=7 子=4 总=11
  ✅ 条目编号已渲染（::after 计数器存在，opacity 1）  —— counter(smitem, decimal-leading-zero) op=1
  ✅ mnav-open 态 + aria-expanded=true
  ✅ Esc 可关闭抽屉
  {"顶":0,"右缘":0,"视口":844}
  ✅ 滚动后抽屉仍满屏贴右（fixed 几何稳定）  —— {"顶":0,"右缘":0,"视口":844}
  ✅ 全程无 JS 异常

=== 结果：38/38 通过 ===
EXIT=0
