=== 背景视频（主题 dark）===
  {"存在":true,"readyState":4,"paused":false,"muted":true,"loop":true,"时长":29,"当前时间":2.77,"视口覆盖":"1910×900","视口":"1910×900","视频层z":"-4","objectFit":"cover","视频透明度":"0.45","body背景图值":"none","body背景色":"rgba(0, 0, 0, 0)","bodyAfter背景图值":"radial-gradient(120% 90% at 50% -10%, rgb(13, 21, 28), rgba(0, 0, 0, 0) 60%), linear-gradient(rgb(7, 11, 15) 0%, rgb(3, 6, 10) 100%)","html背景色":"rgb(3, 6, 10)","body底色动画":"none","body类":"archive-route bg-particles has-video-bg","粒子z":"-1","光晕z":"-2","溢出":0}
  ✅ 背景视频已挂载
  ✅ 视频正在播放（非暂停）  —— paused=false t=2.77s
  ✅ 视频静音且循环
  ✅ 视频铺满视口  —— 1910×900 vs 1910×900
  ✅ 视频层在粒子/光晕之下  —— 视频-4 粒子-1 光晕-2
  ✅ body 已加 has-video-bg  —— archive-route bg-particles has-video-bg
  ✅ 页面底色仍是主题本色（未被清空，body::after 承载）  —— radial-gradient(120% 90% at 50% -10%, rgb(13
  ✅ html 深色画布兜底（§62）  —— rgb(3, 6, 10)
  ✅ 视频半透明且可见（0 < 不透明度 < 1）  —— opacity=0.45
  ✅ 底色位移动画已停（不与视频争抢）  —— none
  ✅ 无横向溢出  —— 0
  ✅ 视频资源加载无失败
  ✅ 视频时间在推进（确实在播）  —— 2.77 → 4.38
  ✅ 对照页可用（隐藏文字的同一版式）  —— 2 vs 2 个文字框
  ✅ 对照页版式与真实页一致（框坐标相同，说明没有回流）  —— [[187,299],[187,432]] vs [[187,299],[187,432]]
  ✅ hero .hero-title 在视频背景上可读  —— 对比 7.72（需 3，采样 1232 点）最差底色 rgb(53,87,105) 于 (879,323)
  ✅ hero .hero-subtitle 在视频背景上可读  —— 对比 5.53（需 4.5，采样 352 点）最差底色 rgb(75,102,105) 于 (671,436)（文字 alpha=0.92，已按合成色计算）
  ✅ 容器左侧留白带内没有暗带/硬边（逐列阶跃 ≤3/255）  —— 最大阶跃 0.18/255 @x=79（留白带宽 155）
  ✅ 容器右侧留白带内没有暗带/硬边（逐列阶跃 ≤3/255）  —— 最大阶跃 0.19/255 @x=1781（已排除滚动条 12px）
  ✅ 容器左缘没有分界线（逐 72px 段 |内−外| ≤0.5/255）  —— 最大偏差 0.24/255 @y=656
  ✅ 容器右缘没有分界线（逐 72px 段 |内−外| ≤0.5/255）  —— 最大偏差 -0.09/255 @y=80
  ✅ 主容器上没有"会被容器边缘切断"的装饰伪元素  —— 已扫描全部元素（含 ::before/::after）
  ✅ 无 JS 异常

  ✓ videobg-hero-dark.png

=== 结果：23/23 通过 ===
